=======================================================================
                正在执行便携只读网络健康与配置诊断...                  
=======================================================================
[1/12] 本地网络看门狗安全互斥检测:
   - 本地已有看门狗状态: 正在运行中 (计划任务: Running, PID: 11116)
   - 代理进程 (Clash/ProxyStack) 数量: 3
   - [安全锁闭] 检测到本地已有网络看门狗。为了避免双重监控干扰，本 U 盘工具全面锁定为纯只读诊断模式。

[2/12] IPv4 默认路由与下一跳网关探测:
   - 默认路由: 0.0.0.0/0 存在
   - 接口索引: 12 (WLAN)
   - 下一跳网关: 192.168.0.1
   - 有效跃点 (Metric): 40 (Route: 0 + Intf: 40)

[3/12] IPv6 默认路由与双栈状态检测:
   - IPv6 默认路由: 未配置默认路由 (::/0 不存在)
   - 双栈状态判定: 当前网络运行在纯 IPv4 单栈模式 (无 IPv6 默认网关，不会发生 IPv6 双栈黑洞超时)

[4/12] 活动网络适配器核验与硬件电源管理:
   - 适配器名称: WLAN
   - 硬件型号/描述: MediaTek Wi-Fi 6E MT7922 160MHz Wireless LAN Card
   - 物理硬件 (HardwareInterface): True
   - 链路状态: Up (速度: 300 Mbps)
   - MAC 地址: A8-E2-91-14-0F-D0
   - 承载默认路由: 是
   - 硬件节能状态: Unsupported (该硬件驱动不支持由操作系统接管电源睡眠控制 (Unsupported))

[5/12] 无线链路质量指标 (RSSI / 信道 / 协商速率):
   - 状态/说明: Windows 11 隐私与位置限制：查询无线链路质量详情需要开启系统‘位置’权限或以管理员身份运行。底层 WlanQueryInterface 返回拒绝访问 (Error 5)。

[6/12] IP 配置与 DHCP 租约详细信息:
   - 当前 IPv4 地址: 192.168.0.101
   - DHCP 状态: 已启用 (动态获取)
   - DNS 服务器: 192.168.1.1, 192.168.100.1
   - DHCP 路由器/服务器: 192.168.0.1
   - 租约获取时间: 2026-09-10 03:38:33
   - 租约到期时间: 2026-09-10 05:38:33
   - 剩余有效时间: 72 分钟 (约 1.2 小时)
   - RFC 2131 机制说明: DHCP 租约正常有效 (剩余约 1.2 小时)。RFC 2131 标准下，客户端通常在租约度过 50% (T1) 时向原 DHCP 服务器发起单播续租请求。

[7/12] NCSI 系统连通性判定与探针状态 (只读):
   - Windows 任务栏连接判定: IPv4 -> Internet, IPv6 -> NoTraffic
   - 网络位置类别 (Category): Public
   - 网络位置感知服务 (NlaSvc): Stopped
   - 注册表主动探测开关 (EnableActiveProbing): 1
   - HTTP Web 探针地址: http://www.msftconnecttest.com/connecttest.txt
   - DNS 连通性探针域名: dns.msftncsi.com
   - 判定原理说明: Windows 判定当前具备完整的 Internet 连通性 (任务栏网络图标正常)。

[8/12] 动态网关连通性 (参考信号):
   - 网关 (192.168.0.1) ICMP 连通: 正常响应

[9/12] 公网直连 TCP 握手 (绕过系统代理，4 个不同运营商/端口目标):
   - 目标 223.5.5.5:53           : [√] 正常通畅   (29.6 ms)
   - 目标 119.29.29.29:53        : [√] 正常通畅   (20.7 ms)
   - 目标 114.114.114.114:53     : [√] 正常通畅   (39.4 ms)
   - 目标 www.baidu.com:443      : [√] 正常通畅   (41.1 ms)
   => 公网链路判断: 广域网直连通畅 (至少 1 个独立目标成功握手)

[10/12] 域名系统 (DNS) 解析测试:
   - 测试域名: www.microsoft.com -> 解析为: 23.199.22.71

[11/12] 系统代理配置 (WinINET / WinHTTP 只读):
   - 当前用户 WinINET 代理开关: 已启用 [开启]
   - 手动代理服务器 (ProxyServer): 127.0.0.1:7897
   - 代理绕行规则 (ProxyOverride): localhost;127.*;192.168.*;10.*;172.16.*;172.17.*;172.18.*;172.19.*;172.20.*;172.21.*;172.22.*;172.23.*;172.24.*;172.25.*;172.26.*;172.27.*;172.28.*;172.29.*;172.30.*;172.31.*;<local>
   - 系统级 WinHTTP 代理状态 (只读):
     Current WinHTTP proxy settings:
     
         Proxy Server(s) :  http=127.0.0.1:7897;https=127.0.0.1:7897
         Bypass List     :  localhost;127.*;<local>

[12/12] Windows 核心网络服务状态 (含 NlaSvc / WinHttpAutoProxySvc):
   - 服务 Dhcp                 | 状态: Running  | 启动类型: Automatic  | 职责: DHCP 客户端 (动态 IP 地址与网关/DNS 获取)
   - 服务 Dnscache             | 状态: Running  | 启动类型: Automatic  | 职责: DNS 解析缓存服务 (域名解析性能与名称缓存)
   - 服务 nsi                  | 状态: Running  | 启动类型: Automatic  | 职责: Network Store Interface (网络路由与接口状态通知)
   - 服务 Wlansvc              | 状态: Running  | 启动类型: Automatic  | 职责: WLAN AutoConfig (Wi-Fi 探测、连接与认证状态机)
   - 服务 NlaSvc               | 状态: Stopped  | 启动类型: Manual     | 职责: Network Location Awareness (网络位置感知与 NCSI 连通性判定)
   - 服务 WinHttpAutoProxySvc  | 状态: Running  | 启动类型: Manual     | 职责: WinHTTP 自动代理发现 (WPAD 协议与 PAC 脚本处理)

=======================================================================
                      只读诊断完成                                     
=======================================================================
